AI Service Check: ΓÜá∩╕Å Missing GEMINI_API_KEY (Running in mock mode)
Testing AI Service...

--- Testing: "Fake Petition" ---
[MOCK AI] Advanced Analysis for "Fake Petition"...
Result: {
  "fakeProbability": 5,
  "urgencyScore": 0.2,
  "departmentPrediction": "water",
  "departmentConfidence": 0.9,
  "reason": "Mock mode: System appears accurate.",
  "steps": [
    {
      "name": "Spam Check",
      "passed": true,
      "detail": "Text is readable and clearly describes a grievance."
    },
    {
      "name": "Civic Relevance",
      "passed": true,
      "detail": "Issue relates to public infrastructure/services."
    },
    {
      "name": "Duplicate Detection",
      "passed": true,
      "detail": "No identical reports found in recent history."
    },
    {
      "name": "Priority Assessment",
      "passed": true,
      "detail": "Standard priority assigned."
    }
  ]
}

--- Testing: "Electricity Issue" ---
[MOCK AI] Advanced Analysis for "Electricity Issue"...
Result: {
  "fakeProbability": 5,
  "urgencyScore": 0.2,
  "departmentPrediction": "water",
  "departmentConfidence": 0.9,
  "reason": "Mock mode: System appears accurate.",
  "steps": [
    {
      "name": "Spam Check",
      "passed": true,
      "detail": "Text is readable and clearly describes a grievance."
    },
    {
      "name": "Civic Relevance",
      "passed": true,
      "detail": "Issue relates to public infrastructure/services."
    },
    {
      "name": "Duplicate Detection",
      "passed": true,
      "detail": "No identical reports found in recent history."
    },
    {
      "name": "Priority Assessment",
      "passed": true,
      "detail": "Standard priority assigned."
    }
  ]
}

--- Testing: "Test from mobile" ---
[MOCK AI] Advanced Analysis for "Test from mobile"...
Result: {
  "fakeProbability": 5,
  "urgencyScore": 0.2,
  "departmentPrediction": "water",
  "departmentConfidence": 0.9,
  "reason": "Mock mode: System appears accurate.",
  "steps": [
    {
      "name": "Spam Check",
      "passed": true,
      "detail": "Text is readable and clearly describes a grievance."
    },
    {
      "name": "Civic Relevance",
      "passed": true,
      "detail": "Issue relates to public infrastructure/services."
    },
    {
      "name": "Duplicate Detection",
      "passed": true,
      "detail": "No identical reports found in recent history."
    },
    {
      "name": "Priority Assessment",
      "passed": true,
      "detail": "Standard priority assigned."
    }
  ]
}

--- Testing: "α«ñα«úα»ìα«úα»Çα«░α»ì α«¬α«┐α«░α«Üα»ìα«Üα«⌐α»ê" ---
[MOCK AI] Advanced Analysis for "α«ñα«úα»ìα«úα»Çα«░α»ì α«¬α«┐α«░α«Üα»ìα«Üα«⌐α»ê"...
Result: {
  "fakeProbability": 5,
  "urgencyScore": 0.2,
  "departmentPrediction": "water",
  "departmentConfidence": 0.9,
  "reason": "Mock mode: System appears accurate.",
  "steps": [
    {
      "name": "Spam Check",
      "passed": true,
      "detail": "Text is readable and clearly describes a grievance."
    },
    {
      "name": "Civic Relevance",
      "passed": true,
      "detail": "Issue relates to public infrastructure/services."
    },
    {
      "name": "Duplicate Detection",
      "passed": true,
      "detail": "No identical reports found in recent history."
    },
    {
      "name": "Priority Assessment",
      "passed": true,
      "detail": "Standard priority assigned."
    }
  ]
}

--- Testing: "asdfghjkl" ---
[MOCK AI] Advanced Analysis for "asdfghjkl"...
Result: {
  "fakeProbability": 5,
  "urgencyScore": 0.2,
  "departmentPrediction": "water",
  "departmentConfidence": 0.9,
  "reason": "Mock mode: System appears accurate.",
  "steps": [
    {
      "name": "Spam Check",
      "passed": true,
      "detail": "Text is readable and clearly describes a grievance."
    },
    {
      "name": "Civic Relevance",
      "passed": true,
      "detail": "Issue relates to public infrastructure/services."
    },
    {
      "name": "Duplicate Detection",
      "passed": true,
      "detail": "No identical reports found in recent history."
    },
    {
      "name": "Priority Assessment",
      "passed": true,
      "detail": "Standard priority assigned."
    }
  ]
}
